=/pretest.json
{
  _: [],
  f: [
    '/home/runner/work/exp-quantitative-x-ray-metallography-iitk/exp-quantitative-x-ray-metallography-iitk/experiment/pretest.json'
  ],
  files: [
    '/home/runner/work/exp-quantitative-x-ray-metallography-iitk/exp-quantitative-x-ray-metallography-iitk/experiment/pretest.json'
  ],
  c: 'assessment',
  contentTypes: 'assessment',
  'content-types': 'assessment',
  '$0': 'validate'
}
Validated true
=/posttest.json
{
  _: [],
  f: [
    '/home/runner/work/exp-quantitative-x-ray-metallography-iitk/exp-quantitative-x-ray-metallography-iitk/experiment/posttest.json'
  ],
  files: [
    '/home/runner/work/exp-quantitative-x-ray-metallography-iitk/exp-quantitative-x-ray-metallography-iitk/experiment/posttest.json'
  ],
  c: 'assessment',
  contentTypes: 'assessment',
  'content-types': 'assessment',
  '$0': 'validate'
}
Validated true
