
/home/runner/work/exp-quantitative-x-ray-metallography-iitk/exp-quantitative-x-ray-metallography-iitk/experiment/simulation/js/bootstrap.bundle.min.js
  6:69     warning  'module' is not defined                                                    no-undef
  6:115    warning  'define' is not defined                                                    no-undef
  6:126    warning  'define' is not defined                                                    no-undef
  6:22675  warning  Do not access Object.prototype method 'hasOwnProperty' from target object  no-prototype-builtins
  6:26531  warning  Do not access Object.prototype method 'hasOwnProperty' from target object  no-prototype-builtins
  6:26555  warning  Do not access Object.prototype method 'hasOwnProperty' from target object  no-prototype-builtins
  6:60459  warning  Expected a conditional expression and instead saw an assignment            no-cond-assign

/home/runner/work/exp-quantitative-x-ray-metallography-iitk/exp-quantitative-x-ray-metallography-iitk/experiment/simulation/js/home.js
    1:5   warning  'text' is defined but never used                  no-unused-vars
    4:5   warning  'matSelected' is assigned a value but never used  no-unused-vars
    6:16  warning  '$' is not defined                                no-undef
    7:14  warning  '$' is not defined                                no-undef
    9:3   warning  'currentStep' is assigned a value but never used  no-unused-vars
   10:3   warning  'contrast' is assigned a value but never used     no-unused-vars
   11:3   warning  'brightness' is assigned a value but never used   no-unused-vars
   12:3   warning  'vac' is assigned a value but never used          no-unused-vars
   14:3   warning  'on' is assigned a value but never used           no-unused-vars
   15:3   warning  'dropped' is assigned a value but never used      no-unused-vars
   16:3   warning  'imgs' is assigned a value but never used         no-unused-vars
   19:3   warning  'inp' is assigned a value but never used          no-unused-vars
   40:10  warning  'toggleVoice' is defined but never used           no-unused-vars
   69:10  warning  'toggleSwitch' is defined but never used          no-unused-vars
   80:3   warning  '$' is not defined                                no-undef
  116:3   warning  '$' is not defined                                no-undef
  119:3   warning  '$' is not defined                                no-undef
  123:1   warning  '$' is not defined                                no-undef
  132:17  warning  '$' is not defined                                no-undef
  133:18  warning  '$' is not defined                                no-undef
  134:17  warning  '$' is not defined                                no-undef
  137:3   warning  '$' is not defined                                no-undef
  162:3   warning  '$' is not defined                                no-undef
  170:21  warning  '$' is not defined                                no-undef
  175:9   warning  'ac' is not defined                               no-undef
  179:9   warning  'ac' is not defined                               no-undef
  183:9   warning  'ac' is not defined                               no-undef
  189:3   warning  '$' is not defined                                no-undef
  201:11  warning  'mag' is not defined                              no-undef
  205:11  warning  'mag' is not defined                              no-undef
  209:11  warning  'mag' is not defined                              no-undef
  213:11  warning  'mag' is not defined                              no-undef
  221:3   warning  '$' is not defined                                no-undef
  222:5   warning  '$' is not defined                                no-undef
  233:5   warning  '$' is not defined                                no-undef
  234:5   warning  '$' is not defined                                no-undef
  235:5   warning  '$' is not defined                                no-undef
  240:3   warning  '$' is not defined                                no-undef
  250:5   warning  '$' is not defined                                no-undef
  251:5   warning  '$' is not defined                                no-undef
  252:5   warning  '$' is not defined                                no-undef
  257:30  warning  'fx' is defined but never used                    no-unused-vars
  258:11  warning  '$' is not defined                                no-undef
  265:5   warning  '$' is not defined                                no-undef
  266:5   warning  '$' is not defined                                no-undef
  270:3   warning  '$' is not defined                                no-undef
  271:10  warning  '$' is not defined                                no-undef
  273:5   warning  '$' is not defined                                no-undef
  274:5   warning  '$' is not defined                                no-undef
  275:5   warning  '$' is not defined                                no-undef
  286:3   warning  '$' is not defined                                no-undef
  290:12  warning  '$' is not defined                                no-undef
  293:5   warning  'url' is not defined                              no-undef
  293:39  warning  'mag' is not defined                              no-undef
  293:45  warning  'item' is not defined                             no-undef
  295:5   warning  '$' is not defined                                no-undef
  295:33  warning  'url' is not defined                              no-undef
  296:5   warning  '$' is not defined                                no-undef
  296:33  warning  'url' is not defined                              no-undef
  298:5   warning  '$' is not defined                                no-undef
  298:33  warning  'url' is not defined                              no-undef
  299:5   warning  '$' is not defined                                no-undef
  299:33  warning  'url' is not defined                              no-undef
  301:5   warning  '$' is not defined                                no-undef
  301:33  warning  'url' is not defined                              no-undef
  302:5   warning  '$' is not defined                                no-undef
  302:33  warning  'url' is not defined                              no-undef
  306:3   warning  '$' is not defined                                no-undef
  308:5   warning  '$' is not defined                                no-undef
  312:3   warning  '$' is not defined                                no-undef
  316:9   warning  '$' is not defined                                no-undef
  318:7   warning  '$' is not defined                                no-undef
  319:7   warning  '$' is not defined                                no-undef
  334:10  warning  'change' is defined but never used                no-unused-vars
  343:3   warning  '$' is not defined                                no-undef
  345:3   warning  '$' is not defined                                no-undef
  346:3   warning  '$' is not defined                                no-undef
  421:9   warning  'item' is not defined                             no-undef
  422:7   warning  '$' is not defined                                no-undef
  423:7   warning  '$' is not defined                                no-undef
  424:7   warning  '$' is not defined                                no-undef
  426:16  warning  'item' is not defined                             no-undef
  427:7   warning  '$' is not defined                                no-undef
  428:7   warning  '$' is not defined                                no-undef
  429:7   warning  '$' is not defined                                no-undef
  431:16  warning  'item' is not defined                             no-undef
  432:7   warning  '$' is not defined                                no-undef
  433:7   warning  '$' is not defined                                no-undef
  434:7   warning  '$' is not defined                                no-undef
  492:5   warning  'item' is not defined                             no-undef
  494:5   warning  '$' is not defined                                no-undef

/home/runner/work/exp-quantitative-x-ray-metallography-iitk/exp-quantitative-x-ray-metallography-iitk/experiment/simulation/js/jquery-ui.min.js
  6:54      warning  'define' is not defined                                          no-undef
  6:65      warning  'define' is not defined                                          no-undef
  6:88      warning  'jQuery' is not defined                                          no-undef
  6:6116    warning  'i' is already defined                                           no-redeclare
  6:6663    warning  't' is already defined                                           no-redeclare
  6:6687    warning  's' is already defined                                           no-redeclare
  6:8011    warning  Expected a conditional expression and instead saw an assignment  no-cond-assign
  6:8645    warning  Unnecessary escape character: \+                                 no-useless-escape
  6:8647    warning  Unnecessary escape character: \-                                 no-useless-escape
  6:9207    warning  'e' is already defined                                           no-redeclare
  6:12980   warning  'i' is already defined                                           no-redeclare
  6:13048   warning  'a' is already defined                                           no-redeclare
  6:13466   warning  'i' is already defined                                           no-redeclare
  6:13536   warning  'a' is already defined                                           no-redeclare
  6:14407   warning  Unnecessary escape character: \-                                 no-useless-escape
  6:14600   warning  Unnecessary escape character: \%                                 no-useless-escape
  6:14624   warning  Unnecessary escape character: \%                                 no-useless-escape
  6:14648   warning  Unnecessary escape character: \%                                 no-useless-escape
  6:15177   warning  Unnecessary escape character: \%                                 no-useless-escape
  6:15201   warning  Unnecessary escape character: \%                                 no-useless-escape
  6:16040   warning  'i' is already defined                                           no-redeclare
  6:16056   warning  'e' is already defined                                           no-redeclare
  6:17687   warning  't' is already defined                                           no-redeclare
  6:18921   warning  't' is already defined                                           no-redeclare
  6:18928   warning  'i' is already defined                                           no-redeclare
  6:18995   warning  'l' is already defined                                           no-redeclare
  6:19184   warning  't' is already defined                                           no-redeclare
  6:19191   warning  'i' is already defined                                           no-redeclare
  6:19215   warning  's' is already defined                                           no-redeclare
  6:20299   warning  Empty block statement                                            no-empty
  6:20390   warning  Empty block statement                                            no-empty
  6:22153   warning  'e' is already defined                                           no-redeclare
  6:22171   warning  't' is already defined                                           no-redeclare
  6:26152   warning  'e' is already defined                                           no-redeclare
  6:29745   warning  'o' is already defined                                           no-redeclare
  6:29758   warning  'o' is already defined                                           no-redeclare
  6:29832   warning  's' is already defined                                           no-redeclare
  6:31818   warning  'o' is already defined                                           no-redeclare
  6:31924   warning  't' is already defined                                           no-redeclare
  6:32451   warning  'o' is already defined                                           no-redeclare
  6:32471   warning  'n' is already defined                                           no-redeclare
  6:34280   warning  Redundant double negation                                        no-extra-boolean-cast
  6:34463   warning  's' is already defined                                           no-redeclare
  6:36629   warning  'e' is already defined                                           no-redeclare
  6:37339   warning  's' is already defined                                           no-redeclare
  6:37414   warning  's' is already defined                                           no-redeclare
  6:37936   warning  's' is already defined                                           no-redeclare
  6:38353   warning  'n' is already defined                                           no-redeclare
  6:40827   warning  Unexpected control character(s) in regular expression: \x1f      no-control-regex
  6:41839   warning  't' is already defined                                           no-redeclare
  6:48527   warning  'a' is already defined                                           no-redeclare
  6:50030   warning  'h' is already defined                                           no-redeclare
  6:60571   warning  't' is already defined                                           no-redeclare
  6:60585   warning  Unnecessary escape character: \-                                 no-useless-escape
  6:60587   warning  Unnecessary escape character: \[                                 no-useless-escape
  6:60602   warning  Unnecessary escape character: \^                                 no-useless-escape
  6:61247   warning  't' is already defined                                           no-redeclare
  6:68295   warning  Unnecessary escape character: \-                                 no-useless-escape
  6:68297   warning  Unnecessary escape character: \[                                 no-useless-escape
  6:68312   warning  Unnecessary escape character: \^                                 no-useless-escape
  6:72230   warning  'e' is already defined                                           no-redeclare
  6:78639   warning  't' is already defined                                           no-redeclare
  6:82269   warning  't' is already defined                                           no-redeclare
  6:86471   warning  Unnecessary escape character: \-                                 no-useless-escape
  6:93412   warning  Expected a conditional expression and instead saw an assignment  no-cond-assign
  6:95505   warning  Empty block statement                                            no-empty
  6:95932   warning  Expected a conditional expression and instead saw an assignment  no-cond-assign
  6:100367  warning  't' is already defined                                           no-redeclare
  6:100898  warning  't' is already defined                                           no-redeclare
  6:101523  warning  't' is already defined                                           no-redeclare
  6:101627  warning  Expected a conditional expression and instead saw an assignment  no-cond-assign
  6:102558  warning  'r' is already defined                                           no-redeclare
  6:102956  warning  'e' is already defined                                           no-redeclare
  6:103005  warning  'e' is already defined                                           no-redeclare
  6:103051  warning  'e' is already defined                                           no-redeclare
  6:103188  warning  'e' is already defined                                           no-redeclare
  6:106897  warning  't' is already defined                                           no-redeclare
  6:107060  warning  Empty block statement                                            no-empty
  6:107195  warning  Unnecessary escape character: \-                                 no-useless-escape
  6:107978  warning  'e' is already defined                                           no-redeclare
  6:109571  warning  'A' is already defined                                           no-redeclare
  6:115683  warning  Unnecessary escape character: \-                                 no-useless-escape
  6:115732  warning  Unnecessary escape character: \-                                 no-useless-escape
  6:116346  warning  'e' is already defined                                           no-redeclare
  6:116412  warning  'e' is already defined                                           no-redeclare
  6:116697  warning  't' is already defined                                           no-redeclare
  6:116728  warning  'e' is already defined                                           no-redeclare
  6:117328  warning  'n' is already defined                                           no-redeclare
  6:117727  warning  Unnecessary escape character: \-                                 no-useless-escape
  6:117757  warning  Unnecessary escape character: \-                                 no-useless-escape
  6:127649  warning  't' is already defined                                           no-redeclare
  6:131503  warning  't' is already defined                                           no-redeclare
  6:136449  warning  'i' is already defined                                           no-redeclare
  6:140388  warning  'i' is already defined                                           no-redeclare
  6:140400  warning  'i' is already defined                                           no-redeclare
  6:141535  warning  'e' is already defined                                           no-redeclare
  6:141594  warning  Empty block statement                                            no-empty
  6:146995  warning  'e' is already defined                                           no-redeclare
  6:147014  warning  'i' is already defined                                           no-redeclare
  6:150381  warning  'i' is already defined                                           no-redeclare
  6:153296  warning  'n' is already defined                                           no-redeclare
  6:153344  warning  'a' is already defined                                           no-redeclare
  6:153428  warning  'o' is already defined                                           no-redeclare
  6:154993  warning  't' is already defined                                           no-redeclare
  6:156478  warning  'o' is already defined                                           no-redeclare
  6:158703  warning  's' is already defined                                           no-redeclare
  6:162155  warning  's' is already defined                                           no-redeclare
  6:167073  warning  't' is already defined                                           no-redeclare
  6:167677  warning  'i' is already defined                                           no-redeclare
  6:171352  warning  Expected a conditional expression and instead saw an assignment  no-cond-assign
  6:180917  warning  'e' is already defined                                           no-redeclare
  6:182391  warning  Expected a conditional expression and instead saw an assignment  no-cond-assign
  6:196734  warning  'e' is already defined                                           no-redeclare
  6:197198  warning  't' is already defined                                           no-redeclare
  6:197431  warning  't' is already defined                                           no-redeclare
  6:200665  warning  't' is already defined                                           no-redeclare
  6:201123  warning  't' is already defined                                           no-redeclare
  6:212448  warning  Unnecessary escape character: \-                                 no-useless-escape
  6:212974  warning  'h' is already defined                                           no-redeclare
  6:213014  warning  'c' is already defined                                           no-redeclare
  6:213554  warning  't' is already defined                                           no-redeclare
  6:214049  warning  't' is already defined                                           no-redeclare
  6:219348  warning  Expected a conditional expression and instead saw an assignment  no-cond-assign
  6:220595  warning  't' is already defined                                           no-redeclare
  6:224442  warning  't' is already defined                                           no-redeclare
  6:233581  warning  't' is already defined                                           no-redeclare
  6:234834  warning  'Globalize' is not defined                                       no-undef
  6:234986  warning  'Globalize' is not defined                                       no-undef
  6:236919  warning  Empty block statement                                            no-empty
  6:236957  warning  Empty block statement                                            no-empty
  6:239909  warning  Unnecessary escape character: \/                                 no-useless-escape
  6:239918  warning  Unnecessary escape character: \[                                 no-useless-escape
  6:239922  warning  Unnecessary escape character: \^                                 no-useless-escape
  6:242797  warning  Expected a conditional expression and instead saw an assignment  no-cond-assign
  6:244278  warning  'i' is already defined                                           no-redeclare
  6:245599  warning  't' is already defined                                           no-redeclare
  6:247228  warning  't' is already defined                                           no-redeclare
  6:248706  warning  'e' is already defined                                           no-redeclare
  6:248776  warning  Expected a conditional expression and instead saw an assignment  no-cond-assign
  6:250874  warning  Expected a conditional expression and instead saw an assignment  no-cond-assign
  6:253482  warning  'e' is already defined                                           no-redeclare

/home/runner/work/exp-quantitative-x-ray-metallography-iitk/exp-quantitative-x-ray-metallography-iitk/experiment/simulation/js/simulator.js
  704:10  error  Parsing error: Identifier 'updateOutputImage' has already been declared

✖ 240 problems (1 error, 239 warnings)
  0 errors and 1 warning potentially fixable with the `--fix` option.

